// Jest Snapshot v1, https://goo.gl/fbAQLP

exports[`renders App page and checks basic snapshot 1`] = `
<DocumentFragment>
  <div
    class="App"
  >
    <img
      src="card.png"
    />
  </div>
</DocumentFragment>
`;
